2024-08-15T15:00:18.067Z [warn] WARNING: {{area-navigation}} was not converted as it has positional parameters which can't be automatically converted. Source: app/templates/list.hbs
2024-08-15T15:00:18.078Z [warn] WARNING: {{translate}} was not converted as it has positional parameters which can't be automatically converted. Source: app/templates/index.hbs
2024-08-15T15:00:18.081Z [warn] WARNING: {{translate}} was not converted as it has positional parameters which can't be automatically converted. Source: app/templates/error.hbs
2024-08-15T15:00:18.087Z [warn] WARNING: {{translate}} was not converted as it has positional parameters which can't be automatically converted. Source: app/templates/list/index.hbs
2024-08-15T15:00:18.193Z [warn] WARNING: {{area-navigation}} was not converted as it has positional parameters which can't be automatically converted. Source: app/templates/application.hbs
2024-08-15T15:00:18.212Z [warn] WARNING: {{translate}} was not converted as it has positional parameters which can't be automatically converted. Source: app/templates/application.hbs
2024-08-15T15:00:18.212Z [warn] WARNING: {{area-navigation}} was not converted as it has positional parameters which can't be automatically converted. Source: app/templates/application.hbs
2024-08-15T15:00:18.212Z [warn] WARNING: {{translate}} was not converted as it has positional parameters which can't be automatically converted. Source: app/templates/application.hbs
2024-08-15T15:00:18.212Z [warn] WARNING: {{translate}} was not converted as it has positional parameters which can't be automatically converted. Source: app/templates/application.hbs
2024-08-15T15:00:18.212Z [warn] WARNING: {{translate}} was not converted as it has positional parameters which can't be automatically converted. Source: app/templates/application.hbs
2024-08-15T15:00:18.213Z [warn] WARNING: {{translate}} was not converted as it has positional parameters which can't be automatically converted. Source: app/templates/application.hbs
2024-08-15T15:00:18.213Z [warn] WARNING: {{translate}} was not converted as it has positional parameters which can't be automatically converted. Source: app/templates/application.hbs
2024-08-15T15:00:18.213Z [warn] WARNING: {{translate}} was not converted as it has positional parameters which can't be automatically converted. Source: app/templates/application.hbs
2024-08-15T15:00:18.213Z [warn] WARNING: {{translate}} was not converted as it has positional parameters which can't be automatically converted. Source: app/templates/application.hbs
2024-08-15T15:00:18.213Z [warn] WARNING: {{translate}} was not converted as it has positional parameters which can't be automatically converted. Source: app/templates/application.hbs
2024-08-15T15:00:18.214Z [warn] WARNING: {{translate}} was not converted as it has positional parameters which can't be automatically converted. Source: app/templates/application.hbs
2024-08-15T15:00:18.214Z [warn] WARNING: {{translate}} was not converted as it has positional parameters which can't be automatically converted. Source: app/templates/application.hbs
2024-08-15T15:00:18.214Z [warn] WARNING: {{translate}} was not converted as it has positional parameters which can't be automatically converted. Source: app/templates/application.hbs
2024-08-15T15:00:18.215Z [warn] WARNING: {{translate}} was not converted as it has positional parameters which can't be automatically converted. Source: app/templates/application.hbs
2024-08-15T15:00:18.215Z [warn] WARNING: {{translate}} was not converted as it has positional parameters which can't be automatically converted. Source: app/templates/application.hbs
2024-08-15T15:00:18.215Z [warn] WARNING: {{translate}} was not converted as it has positional parameters which can't be automatically converted. Source: app/templates/application.hbs
2024-08-15T15:00:18.215Z [warn] WARNING: {{twitter-feed}} was not converted as it has positional parameters which can't be automatically converted. Source: app/templates/application.hbs
2024-08-15T15:00:18.221Z [warn] WARNING: {{translate}} was not converted as it has positional parameters which can't be automatically converted. Source: app/templates/components/area-navigation.hbs
2024-08-15T15:00:18.259Z [warn] WARNING: {{translate}} was not converted as it has positional parameters which can't be automatically converted. Source: app/templates/components/event-details-table.hbs
2024-08-15T15:00:18.259Z [warn] WARNING: {{translate}} was not converted as it has positional parameters which can't be automatically converted. Source: app/templates/components/event-details-table.hbs
2024-08-15T15:00:18.288Z [warn] WARNING: {{translate}} was not converted as it has positional parameters which can't be automatically converted. Source: app/templates/components/event-list-search.hbs
2024-08-15T15:00:18.289Z [warn] WARNING: {{translate}} was not converted as it has positional parameters which can't be automatically converted. Source: app/templates/components/event-list-search.hbs
2024-08-15T15:00:18.610Z [warn] WARNING: {{translate}} was not converted as it has positional parameters which can't be automatically converted. Source: app/templates/list/category/event/confirmation-error.hbs
2024-08-15T15:00:18.612Z [warn] WARNING: {{translate}} was not converted as it has positional parameters which can't be automatically converted. Source: app/templates/list/category/event/confirmation-error.hbs
2024-08-15T15:00:18.612Z [warn] WARNING: {{translate}} was not converted as it has positional parameters which can't be automatically converted. Source: app/templates/list/category/event/confirmation-error.hbs
2024-08-15T15:00:18.612Z [warn] WARNING: {{translate}} was not converted as it has positional parameters which can't be automatically converted. Source: app/templates/list/category/event/confirmation-error.hbs
2024-08-15T15:00:18.612Z [warn] WARNING: {{translate}} was not converted as it has positional parameters which can't be automatically converted. Source: app/templates/list/category/event/confirmation-error.hbs
2024-08-15T15:00:18.622Z [warn] WARNING: {{translate}} was not converted as it has positional parameters which can't be automatically converted. Source: app/templates/list/category/event/confirmation-loading.hbs
2024-08-15T15:00:18.644Z [warn] WARNING: {{translate}} was not converted as it has positional parameters which can't be automatically converted. Source: app/templates/list/category/event/index.hbs
2024-08-15T15:00:18.645Z [warn] WARNING: {{translate}} was not converted as it has positional parameters which can't be automatically converted. Source: app/templates/list/category/event/index.hbs
2024-08-15T15:00:18.645Z [warn] WARNING: {{translate}} was not converted as it has positional parameters which can't be automatically converted. Source: app/templates/list/category/event/index.hbs
2024-08-15T15:00:18.645Z [warn] WARNING: {{translate}} was not converted as it has positional parameters which can't be automatically converted. Source: app/templates/list/category/event/index.hbs
2024-08-15T15:00:18.645Z [warn] WARNING: {{translate}} was not converted as it has positional parameters which can't be automatically converted. Source: app/templates/list/category/event/index.hbs
2024-08-15T15:00:18.645Z [warn] WARNING: {{translate}} was not converted as it has positional parameters which can't be automatically converted. Source: app/templates/list/category/event/index.hbs
2024-08-15T15:00:18.645Z [warn] WARNING: {{translate}} was not converted as it has positional parameters which can't be automatically converted. Source: app/templates/list/category/event/index.hbs
2024-08-15T15:00:18.646Z [warn] WARNING: {{translate}} was not converted as it has positional parameters which can't be automatically converted. Source: app/templates/list/category/event/index.hbs
2024-08-15T15:00:18.646Z [warn] WARNING: {{translate}} was not converted as it has positional parameters which can't be automatically converted. Source: app/templates/list/category/event/index.hbs
2024-08-15T15:00:18.697Z [warn] WARNING: {{translate}} was not converted as it has positional parameters which can't be automatically converted. Source: app/templates/list/category/event/confirmation.hbs
2024-08-15T15:00:18.698Z [warn] WARNING: {{translate}} was not converted as it has positional parameters which can't be automatically converted. Source: app/templates/list/category/event/confirmation.hbs
2024-08-15T15:00:18.698Z [warn] WARNING: {{translate}} was not converted as it has positional parameters which can't be automatically converted. Source: app/templates/list/category/event/confirmation.hbs
2024-08-15T15:00:18.698Z [warn] WARNING: {{translate}} was not converted as it has positional parameters which can't be automatically converted. Source: app/templates/list/category/event/confirmation.hbs
2024-08-15T15:00:18.698Z [warn] WARNING: {{translate}} was not converted as it has positional parameters which can't be automatically converted. Source: app/templates/list/category/event/confirmation.hbs
2024-08-15T15:00:18.698Z [warn] WARNING: {{translate}} was not converted as it has positional parameters which can't be automatically converted. Source: app/templates/list/category/event/confirmation.hbs
2024-08-15T15:00:18.698Z [warn] WARNING: {{translate}} was not converted as it has positional parameters which can't be automatically converted. Source: app/templates/list/category/event/confirmation.hbs
2024-08-15T15:00:18.698Z [warn] WARNING: {{translate}} was not converted as it has positional parameters which can't be automatically converted. Source: app/templates/list/category/event/confirmation.hbs
2024-08-15T15:00:18.699Z [warn] WARNING: {{translate}} was not converted as it has positional parameters which can't be automatically converted. Source: app/templates/list/category/event/confirmation.hbs
2024-08-15T15:00:18.699Z [warn] WARNING: {{translate}} was not converted as it has positional parameters which can't be automatically converted. Source: app/templates/list/category/event/confirmation.hbs
2024-08-15T15:00:18.699Z [warn] WARNING: {{translate}} was not converted as it has positional parameters which can't be automatically converted. Source: app/templates/list/category/event/confirmation.hbs
2024-08-15T15:00:18.699Z [warn] WARNING: {{translate}} was not converted as it has positional parameters which can't be automatically converted. Source: app/templates/list/category/event/confirmation.hbs
2024-08-15T15:00:18.706Z [warn] WARNING: {{translate}} was not converted as it has positional parameters which can't be automatically converted. Source: app/templates/list/category/event/subscribe.hbs
2024-08-15T15:00:18.706Z [warn] WARNING: {{translate}} was not converted as it has positional parameters which can't be automatically converted. Source: app/templates/list/category/event/subscribe.hbs
2024-08-15T15:00:18.737Z [warn] WARNING: {{translate}} was not converted as it has positional parameters which can't be automatically converted. Source: app/templates/components/list-pagination.hbs
2024-08-15T15:00:18.740Z [warn] WARNING: {{translate}} was not converted as it has positional parameters which can't be automatically converted. Source: app/templates/components/list-pagination.hbs
2024-08-15T15:00:18.792Z [warn] WARNING: {{translate}} was not converted as it has positional parameters which can't be automatically converted. Source: app/templates/components/subscription-form.hbs
2024-08-15T15:00:18.793Z [warn] WARNING: {{translate}} was not converted as it has positional parameters which can't be automatically converted. Source: app/templates/components/subscription-form.hbs
2024-08-15T15:00:18.794Z [warn] WARNING: {{translate}} was not converted as it has positional parameters which can't be automatically converted. Source: app/templates/components/subscription-form.hbs
2024-08-15T15:00:18.794Z [warn] WARNING: {{translate}} was not converted as it has positional parameters which can't be automatically converted. Source: app/templates/components/subscription-form.hbs
2024-08-15T15:00:18.794Z [warn] WARNING: {{translate}} was not converted as it has positional parameters which can't be automatically converted. Source: app/templates/components/subscription-form.hbs
2024-08-15T15:00:18.794Z [warn] WARNING: {{translate}} was not converted as it has positional parameters which can't be automatically converted. Source: app/templates/components/subscription-form.hbs
2024-08-15T15:00:18.795Z [warn] WARNING: {{translate}} was not converted as it has positional parameters which can't be automatically converted. Source: app/templates/components/subscription-form.hbs
2024-08-15T15:00:18.799Z [warn] WARNING: {{translate}} was not converted as it has positional parameters which can't be automatically converted. Source: app/templates/components/remaining-seats-badge.hbs
2024-08-15T15:00:18.828Z [warn] WARNING: {{translate}} was not converted as it has positional parameters which can't be automatically converted. Source: app/templates/components/input/input-file.hbs
2026-04-10T08:09:02.686Z [warn] WARNING: {{translate}} was not converted as it has positional parameters which can't be automatically converted. Source: app/templates/components/event-details-table.hbs
2026-04-10T08:09:02.712Z [warn] WARNING: {{translate}} was not converted as it has positional parameters which can't be automatically converted. Source: app/templates/components/remaining-seats-badge.hbs
2026-04-10T08:09:02.718Z [warn] WARNING: {{translate}} was not converted as it has positional parameters which can't be automatically converted. Source: app/templates/components/input/input-file.hbs
2026-04-10T08:09:02.689Z [warn] WARNING: {{translate}} was not converted as it has positional parameters which can't be automatically converted. Source: app/templates/components/event-details-table.hbs
2026-04-10T08:09:02.699Z [warn] WARNING: {{translate}} was not converted as it has positional parameters which can't be automatically converted. Source: app/templates/components/area-navigation.hbs
2026-04-10T08:09:02.699Z [warn] WARNING: {{translate}} was not converted as it has positional parameters which can't be automatically converted. Source: app/templates/components/area-navigation.hbs
2026-04-10T08:09:02.708Z [warn] WARNING: {{translate}} was not converted as it has positional parameters which can't be automatically converted. Source: app/templates/components/event-list-search.hbs
2026-04-10T08:09:02.708Z [warn] WARNING: {{yield}} was not converted as it has positional parameters which can't be automatically converted. Source: app/templates/components/event-list-search.hbs
2026-04-10T08:09:02.708Z [warn] WARNING: {{translate}} was not converted as it has positional parameters which can't be automatically converted. Source: app/templates/components/event-list-search.hbs
2026-04-10T08:09:02.787Z [warn] WARNING: {{translate}} was not converted as it has positional parameters which can't be automatically converted. Source: app/templates/list/index.hbs
2026-04-10T08:09:02.791Z [warn] WARNING: {{translate}} was not converted as it has positional parameters which can't be automatically converted. Source: app/templates/list/category/event/confirmation-error.hbs
2026-04-10T08:09:02.793Z [warn] WARNING: {{translate}} was not converted as it has positional parameters which can't be automatically converted. Source: app/templates/list/category/event/confirmation-error.hbs
2026-04-10T08:09:02.793Z [warn] WARNING: {{translate}} was not converted as it has positional parameters which can't be automatically converted. Source: app/templates/list/category/event/confirmation-error.hbs
2026-04-10T08:09:02.793Z [warn] WARNING: {{translate}} was not converted as it has positional parameters which can't be automatically converted. Source: app/templates/list/category/event/confirmation-error.hbs
2026-04-10T08:09:02.793Z [warn] WARNING: {{translate}} was not converted as it has positional parameters which can't be automatically converted. Source: app/templates/list/category/event/confirmation-error.hbs
2026-04-10T08:09:02.797Z [warn] WARNING: {{translate}} was not converted as it has positional parameters which can't be automatically converted. Source: app/templates/list/category/event/confirmation-loading.hbs
2026-04-10T08:09:02.798Z [warn] WARNING: {{translate}} was not converted as it has positional parameters which can't be automatically converted. Source: app/templates/list/category/event/confirmation.hbs
2026-04-10T08:09:02.804Z [warn] WARNING: {{translate}} was not converted as it has positional parameters which can't be automatically converted. Source: app/templates/components/subscription-form.hbs
2026-04-10T08:09:02.804Z [warn] WARNING: {{translate}} was not converted as it has positional parameters which can't be automatically converted. Source: app/templates/components/list-pagination.hbs
2026-04-10T08:09:02.806Z [warn] WARNING: {{yield}} was not converted as it has positional parameters which can't be automatically converted. Source: app/templates/components/list-pagination.hbs
2026-04-10T08:09:02.807Z [warn] WARNING: {{translate}} was not converted as it has positional parameters which can't be automatically converted. Source: app/templates/components/list-pagination.hbs
2026-04-10T08:09:02.806Z [warn] WARNING: {{translate}} was not converted as it has positional parameters which can't be automatically converted. Source: app/templates/components/subscription-form.hbs
2026-04-10T08:09:02.806Z [warn] WARNING: {{translate}} was not converted as it has positional parameters which can't be automatically converted. Source: app/templates/components/subscription-form.hbs
2026-04-10T08:09:02.807Z [warn] WARNING: {{translate}} was not converted as it has positional parameters which can't be automatically converted. Source: app/templates/components/subscription-form.hbs
2026-04-10T08:09:02.807Z [warn] WARNING: {{translate}} was not converted as it has positional parameters which can't be automatically converted. Source: app/templates/components/subscription-form.hbs
2026-04-10T08:09:02.807Z [warn] WARNING: {{translate}} was not converted as it has positional parameters which can't be automatically converted. Source: app/templates/components/subscription-form.hbs
2026-04-10T08:09:02.807Z [warn] WARNING: {{translate}} was not converted as it has positional parameters which can't be automatically converted. Source: app/templates/components/subscription-form.hbs
2026-04-10T08:09:02.813Z [warn] WARNING: {{translate}} was not converted as it has positional parameters which can't be automatically converted. Source: app/templates/components/input/input-dropdown.hbs
2026-04-10T08:09:02.813Z [warn] WARNING: {{translate}} was not converted as it has positional parameters which can't be automatically converted. Source: app/templates/components/input/input-dropdown.hbs
2026-04-10T08:09:02.851Z [warn] WARNING: {{area-navigation}} was not converted as it has positional parameters which can't be automatically converted. Source: app/templates/application.hbs
2026-04-10T08:09:02.800Z [warn] WARNING: {{translate}} was not converted as it has positional parameters which can't be automatically converted. Source: app/templates/list/category/event/confirmation.hbs
2026-04-10T08:09:02.800Z [warn] WARNING: {{translate}} was not converted as it has positional parameters which can't be automatically converted. Source: app/templates/list/category/event/confirmation.hbs
2026-04-10T08:09:02.801Z [warn] WARNING: {{translate}} was not converted as it has positional parameters which can't be automatically converted. Source: app/templates/list/category/event/confirmation.hbs
2026-04-10T08:09:02.801Z [warn] WARNING: {{translate}} was not converted as it has positional parameters which can't be automatically converted. Source: app/templates/list/category/event/confirmation.hbs
2026-04-10T08:09:02.801Z [warn] WARNING: {{translate}} was not converted as it has positional parameters which can't be automatically converted. Source: app/templates/list/category/event/confirmation.hbs
2026-04-10T08:09:02.801Z [warn] WARNING: {{translate}} was not converted as it has positional parameters which can't be automatically converted. Source: app/templates/list/category/event/confirmation.hbs
2026-04-10T08:09:02.802Z [warn] WARNING: {{translate}} was not converted as it has positional parameters which can't be automatically converted. Source: app/templates/list/category/event/confirmation.hbs
2026-04-10T08:09:02.802Z [warn] WARNING: {{translate}} was not converted as it has positional parameters which can't be automatically converted. Source: app/templates/list/category/event/confirmation.hbs
2026-04-10T08:09:02.802Z [warn] WARNING: {{translate}} was not converted as it has positional parameters which can't be automatically converted. Source: app/templates/list/category/event/confirmation.hbs
2026-04-10T08:09:02.803Z [warn] WARNING: {{translate}} was not converted as it has positional parameters which can't be automatically converted. Source: app/templates/list/category/event/confirmation.hbs
2026-04-10T08:09:02.803Z [warn] WARNING: {{translate}} was not converted as it has positional parameters which can't be automatically converted. Source: app/templates/list/category/event/confirmation.hbs
2026-04-10T08:09:02.837Z [warn] WARNING: {{translate}} was not converted as it has positional parameters which can't be automatically converted. Source: app/templates/list/category/event/index.hbs
2026-04-10T08:09:02.837Z [warn] WARNING: {{translate}} was not converted as it has positional parameters which can't be automatically converted. Source: app/templates/list/category/event/index.hbs
2026-04-10T08:09:02.837Z [warn] WARNING: {{translate}} was not converted as it has positional parameters which can't be automatically converted. Source: app/templates/list/category/event/index.hbs
2026-04-10T08:09:02.837Z [warn] WARNING: {{translate}} was not converted as it has positional parameters which can't be automatically converted. Source: app/templates/list/category/event/index.hbs
2026-04-10T08:09:02.837Z [warn] WARNING: {{translate}} was not converted as it has positional parameters which can't be automatically converted. Source: app/templates/list/category/event/index.hbs
2026-04-10T08:09:02.837Z [warn] WARNING: {{translate}} was not converted as it has positional parameters which can't be automatically converted. Source: app/templates/list/category/event/index.hbs
2026-04-10T08:09:02.838Z [warn] WARNING: {{translate}} was not converted as it has positional parameters which can't be automatically converted. Source: app/templates/list/category/event/index.hbs
2026-04-10T08:09:02.838Z [warn] WARNING: {{translate}} was not converted as it has positional parameters which can't be automatically converted. Source: app/templates/list/category/event/index.hbs
2026-04-10T08:09:02.838Z [warn] WARNING: {{translate}} was not converted as it has positional parameters which can't be automatically converted. Source: app/templates/list/category/event/index.hbs
2026-04-10T08:09:02.855Z [warn] WARNING: {{translate}} was not converted as it has positional parameters which can't be automatically converted. Source: app/templates/list/category/event/subscribe.hbs
2026-04-10T08:09:02.855Z [warn] WARNING: {{translate}} was not converted as it has positional parameters which can't be automatically converted. Source: app/templates/list/category/event/subscribe.hbs
2026-04-10T08:09:02.852Z [warn] WARNING: {{translate}} was not converted as it has positional parameters which can't be automatically converted. Source: app/templates/application.hbs
2026-04-10T08:09:02.853Z [warn] WARNING: {{area-navigation}} was not converted as it has positional parameters which can't be automatically converted. Source: app/templates/application.hbs
2026-04-10T08:09:02.853Z [warn] WARNING: {{translate}} was not converted as it has positional parameters which can't be automatically converted. Source: app/templates/application.hbs
2026-04-10T08:09:02.853Z [warn] WARNING: {{translate}} was not converted as it has positional parameters which can't be automatically converted. Source: app/templates/application.hbs
2026-04-10T08:09:02.853Z [warn] WARNING: {{translate}} was not converted as it has positional parameters which can't be automatically converted. Source: app/templates/application.hbs
2026-04-10T08:09:02.853Z [warn] WARNING: {{translate}} was not converted as it has positional parameters which can't be automatically converted. Source: app/templates/application.hbs
2026-04-10T08:09:02.853Z [warn] WARNING: {{translate}} was not converted as it has positional parameters which can't be automatically converted. Source: app/templates/application.hbs
2026-04-10T08:09:02.854Z [warn] WARNING: {{translate}} was not converted as it has positional parameters which can't be automatically converted. Source: app/templates/application.hbs
2026-04-10T08:09:02.854Z [warn] WARNING: {{translate}} was not converted as it has positional parameters which can't be automatically converted. Source: app/templates/application.hbs
2026-04-10T08:09:02.854Z [warn] WARNING: {{translate}} was not converted as it has positional parameters which can't be automatically converted. Source: app/templates/application.hbs
2026-04-10T08:09:02.855Z [warn] WARNING: {{translate}} was not converted as it has positional parameters which can't be automatically converted. Source: app/templates/application.hbs
2026-04-10T08:09:02.855Z [warn] WARNING: {{translate}} was not converted as it has positional parameters which can't be automatically converted. Source: app/templates/application.hbs
2026-04-10T08:09:02.855Z [warn] WARNING: {{translate}} was not converted as it has positional parameters which can't be automatically converted. Source: app/templates/application.hbs
2026-04-10T08:09:02.855Z [warn] WARNING: {{translate}} was not converted as it has positional parameters which can't be automatically converted. Source: app/templates/application.hbs
2026-04-10T08:09:02.856Z [warn] WARNING: {{translate}} was not converted as it has positional parameters which can't be automatically converted. Source: app/templates/application.hbs
2026-04-10T08:09:02.856Z [warn] WARNING: {{translate}} was not converted as it has positional parameters which can't be automatically converted. Source: app/templates/application.hbs
2026-04-10T08:09:02.856Z [warn] WARNING: {{twitter-feed}} was not converted as it has positional parameters which can't be automatically converted. Source: app/templates/application.hbs
2026-04-10T08:09:02.862Z [warn] WARNING: {{translate}} was not converted as it has positional parameters which can't be automatically converted. Source: app/templates/index.hbs
2026-04-10T08:09:02.865Z [warn] WARNING: {{translate}} was not converted as it has positional parameters which can't be automatically converted. Source: app/templates/error.hbs
2026-04-10T08:09:02.876Z [warn] WARNING: {{area-navigation}} was not converted as it has positional parameters which can't be automatically converted. Source: app/templates/list.hbs
